Enter a value for num_1: Enter a value for num_2: 
Addition          :        4
Subtraction       :       -2
Multiplication    :        3
Division          :        0
Modulus           :        1

Enter a value for num_3: Enter a value for num_4: 
Addition          :   4.0000
Subtraction       :  -2.0000
Multiplication    :   3.0000
Division          :   0.3333

