Enter a value for num_1: Enter a value for num_2: 
Addition          :        3
Subtraction       :       -1
Multiplication    :        2
Division          :        0
Modulus           :        1

Enter a value for num_3: Enter a value for num_4: 
Addition          :   3.0000
Subtraction       :  -1.0000
Multiplication    :   2.0000
Division          :   0.5000

