Enter a value for num_1: Enter a value for num_2: 
Addition          :        7
Subtraction       :       -1
Multiplication    :       12
Division          :        0
Modulus           :        3

Enter a value for num_3: Enter a value for num_4: 
Addition          :   7.0000
Subtraction       :  -1.0000
Multiplication    :  12.0000
Division          :   0.7500

