Enter a value for num_1: Enter a value for num_2: 
Addition          :       -4
Subtraction       :      -12
Multiplication    :      -32
Division          :       -2
Modulus           :        0

Enter a value for num_3: Enter a value for num_4: 
Addition          :  -4.0000
Subtraction       : -12.0000
Multiplication    : -32.0000
Division          :  -2.0000

