Enter a value for num_1: Enter a value for num_2: 
Addition          :        5
Subtraction       :       -3
Multiplication    :        4
Division          :        0
Modulus           :        1

Enter a value for num_3: Enter a value for num_4: 
Addition          :   5.0000
Subtraction       :  -3.0000
Multiplication    :   4.0000
Division          :   0.2500

